FHIR IG Publisher Version 2.0.13 (Git# bdf473444570). Built 2025-08-07T03:35:38.89Z (20 days old)
Detected Java version: 17.0.15 from /usr/lib/jvm/java-17-openjdk-amd64 on amd64 (64bit). 3940MB available
dir = /mnt/c/Users/mbrisson/.vscode/matchsync-ig, path = /home/mbrisson/gems/bin:/usr/local/sbin:/usr/local/bin:/usr/sbin:/usr/bin:/sbin:/bin:/usr/games:/usr/local/games:/usr/lib/wsl/lib:/mnt/c/windows/system32:/mnt/c/windows:/mnt/c/windows/System32/Wbem:/mnt/c/windows/System32/WindowsPowerShell/v1.0/:/mnt/c/windows/System32/OpenSSH/:/mnt/c/Program Files/PolicyPak/:/mnt/c/DEVAPPS/Oracle-SQLDeveloper-18.4.0-376.1900-x64:/mnt/c/Users/mbrisson/AppData/Roaming/nvm:/mnt/c/Program Files/nodejs:/mnt/c/Program Files/nodejs/:/mnt/c/Ruby33-x64/bin:/mnt/c/Users/mbrisson/AppData/Local/Microsoft/WindowsApps:/mnt/c/Users/mbrisson/AppData/Local/Programs/Git/cmd:/mnt/c/Users/mbrisson/OneDrive - NMDP/Desktop/Maven/apache-maven-3.8.3/bin:/mnt/c/Users/mbrisson/AppData/Local/Programs/Microsoft VS Code/bin:/mnt/c/Users/mbrisson/AppData/Roaming/npm:/mnt/c/Users/mbrisson/.jdks/corretto-17.0.12/bin:/mnt/c/Users/mbrisson/AppData/Roaming/nvm:/snap/bin
Parameters: -go-publish -source /mnt/c/Users/mbrisson/.vscode/matchsync-ig/build -web /mnt/c/Users/mbrisson/.vscode/matchsync-ig/publication/web-root -registry /mnt/c/Users/mbrisson/.vscode/matchsync-ig/publication/web-root/ig-registry/fhir-ig-list.json -history /mnt/c/Users/mbrisson/.vscode/matchsync-ig/publication/web-root/ig-history -templates /mnt/c/Users/mbrisson/.vscode/matchsync-ig/publication/web-root/history-templates -resetTxErrors
---------------
Publication Run: publish /mnt/c/Users/mbrisson/.vscode/matchsync-ig/build to /mnt/c/Users/mbrisson/.vscode/matchsync-ig/publication/web-root
Relative directory for IG is '/matchsync'
===== Web Publication Run Details ===============================
 Source IG: nmdp.fhir.matchsync#0.1.3 : http://fhir.nmdp.org/ig/matchsync (R4) from /mnt/c/Users/mbrisson/.vscode/matchsync-ig/build
All checks passed. Do the publication build from /mnt/c/Users/mbrisson/.vscode/matchsync-ig/build and publish to /tmp/web-root/run-20250827/matchsync
Prepare Build space in /tmp/ig-builds/nmdp.fhir.matchsync#0.1.3
Build IG at /mnt/c/Users/mbrisson/.vscode/matchsync-ig/build: final copy suitable for publication (in /tmp/ig-builds/nmdp.fhir.matchsync#0.1.3)
FHIR IG Publisher Version 2.0.13 (Git# bdf473444570). Built 2025-08-07T03:35:38.89Z (20 days old)   
Detected Java version: 17.0.15 from /usr/lib/jvm/java-17-openjdk-amd64 on Linux/amd64 (64bit). 3940MB available
dir = /mnt/c/Users/mbrisson/.vscode/matchsync-ig, path = /home/mbrisson/gems/bin:/usr/local/sbin:/usr/local/bin:/usr/sbin:/usr/bin:/sbin:/bin:/usr/games:/usr/local/games:/usr/lib/wsl/lib:/mnt/c/windows/system32:/mnt/c/windows:/mnt/c/windows/System32/Wbem:/mnt/c/windows/System32/WindowsPowerShell/v1.0/:/mnt/c/windows/System32/OpenSSH/:/mnt/c/Program Files/PolicyPak/:/mnt/c/DEVAPPS/Oracle-SQLDeveloper-18.4.0-376.1900-x64:/mnt/c/Users/mbrisson/AppData/Roaming/nvm:/mnt/c/Program Files/nodejs:/mnt/c/Program Files/nodejs/:/mnt/c/Ruby33-x64/bin:/mnt/c/Users/mbrisson/AppData/Local/Microsoft/WindowsApps:/mnt/c/Users/mbrisson/AppData/Local/Programs/Git/cmd:/mnt/c/Users/mbrisson/OneDrive - NMDP/Desktop/Maven/apache-maven-3.8.3/bin:/mnt/c/Users/mbrisson/AppData/Local/Programs/Microsoft VS Code/bin:/mnt/c/Users/mbrisson/AppData/Roaming/npm:/mnt/c/Users/mbrisson/.jdks/corretto-17.0.12/bin:/mnt/c/Users/mbrisson/AppData/Roaming/nvm:/snap/bin
Parameters: -publish http://fhir.nmdp.org/ig/matchsync/0.1.3 -no-exit -ig /tmp/ig-builds/nmdp.fhir.matchsync#0.1.3 -resetTx
Character encoding = UTF-8 / UTF-8                                                                  
Start Clock @ Wednesday, August 27, 2025 at 10:21:01 AM Central Daylight Time (2025-08-27T10:21:01-05:00)
                                                                                                    
Build FHIR IG from /tmp/ig-builds/nmdp.fhir.matchsync#0.1.3                                          (00:00.052 / 00:00.054, 48Mb)
Build Formal Publication package, intended for http://fhir.nmdp.org/ig/matchsync/0.1.3               (00:00.003 / 00:00.056, 48Mb)
API keys loaded from /home/mbrisson/.fhir/fhir-settings.json                                         (00:00.000 / 00:00.056, 48Mb)
Package Cache: /home/mbrisson/.fhir/packages                                                         (00:00.010 / 00:00.066, 48Mb)
Run Sushi on /tmp/ig-builds/nmdp.fhir.matchsync#0.1.3                                                (00:00.004 / 00:00.071, 48Mb)
Sushi: info  Running SUSHI v3.16.3 (implements FHIR Shorthand specification v3.0.0)                  (00:00.822 / 00:00.893, 50Mb)
Sushi: info  Arguments:                                                                              (00:00.000 / 00:00.894, 50Mb)
Sushi: info    --require-latest                                                                      (00:00.000 / 00:00.894, 50Mb)
Sushi: info    --out /tmp/ig-builds/nmdp.fhir.matchsync#0.1.3                                        (00:00.000 / 00:00.894, 50Mb)
Sushi: info    /tmp/ig-builds/nmdp.fhir.matchsync#0.1.3                                              (00:00.000 / 00:00.894, 50Mb)
Sushi: info  Using configuration file: /tmp/ig-builds/nmdp.fhir.matchsync#0.1.3/sushi-config.yaml    (00:04.604 / 00:05.499, 50Mb)
Sushi: info  Importing FSH text...                                                                   (00:00.062 / 00:05.562, 50Mb)
Sushi: info  Preprocessed 12 documents with 19 aliases.                                              (00:00.224 / 00:05.786, 50Mb)
Sushi: info  Imported 69 definitions and 44 instances.                                               (00:00.039 / 00:05.826, 50Mb)
Sushi: info  Loaded virtual package sushi-r5forR4#1.0.0 with 7 resources                             (00:00.082 / 00:05.909, 50Mb)
Sushi: info  Resolved hl7.fhir.uv.tools.r4#latest to concrete version 0.8.0                          (00:03.039 / 00:08.948, 50Mb)
Sushi: info  Attempting to download hl7.fhir.uv.tools.r4#0.8.0 from https://packages.fhir.org/hl7.fhir.uv.tools.r4/0.8.0 (00:00.000 / 00:08.948, 50Mb)
Sushi: info  Downloaded hl7.fhir.uv.tools.r4#0.8.0                                                   (00:03.550 / 00:12.499, 50Mb)
Sushi: info  Cached hl7.fhir.uv.tools.r4#0.8.0 to /home/mbrisson/.fhir/packages/hl7.fhir.uv.tools.r4#0.8.0 (00:00.002 / 00:12.501, 50Mb)
Sushi: info  Loaded hl7.fhir.uv.tools.r4#0.8.0 with 110 resources                                    (00:00.042 / 00:12.544, 50Mb)
Sushi: info  Resolved hl7.terminology.r4#latest to concrete version 6.5.0                            (00:03.454 / 00:15.998, 50Mb)
Sushi: info  Loaded hl7.terminology.r4#6.5.0 with 4392 resources                                     (00:01.672 / 00:17.671, 50Mb)
Sushi: info  Resolved hl7.fhir.uv.extensions.r4#latest to concrete version 5.2.0                     (00:03.528 / 00:21.199, 50Mb)
Sushi: info  Loaded hl7.fhir.uv.extensions.r4#5.2.0 with 759 resources                               (00:00.425 / 00:21.625, 50Mb)
Sushi: info  Loaded hl7.fhir.us.core#4.0.0 with 148 resources                                        (00:00.105 / 00:21.730, 50Mb)
Sushi: info  Loaded hl7.fhir.us.mcode#2.0.0 with 153 resources                                       (00:00.113 / 00:21.843, 50Mb)
Sushi: info  Loaded hl7.fhir.uv.genomics-reporting#2.0.0 with 50 resources                           (00:00.038 / 00:21.881, 50Mb)
Sushi: info  Loaded hl7.fhir.r4.core#4.0.1 with 4581 resources                                       (00:01.932 / 00:23.814, 50Mb)
Sushi: info  Loaded virtual package sushi-local#LOCAL with 0 resources                               (00:00.004 / 00:23.819, 50Mb)
Sushi: info  Converting FSH to FHIR resources...                                                     (00:00.008 / 00:23.827, 50Mb)
Sushi: info  Converted 31 FHIR StructureDefinitions.                                                 (00:01.423 / 00:25.251, 50Mb)
Sushi: info  Converted 18 FHIR CodeSystems.                                                          (00:00.304 / 00:25.555, 50Mb)
Sushi: info  Converted 20 FHIR ValueSets.                                                            (00:00.228 / 00:25.783, 50Mb)
Sushi: info  Converted 44 FHIR instances.                                                            (00:01.694 / 00:27.477, 50Mb)
Sushi: info  Exporting FHIR resources as JSON...                                                     (00:00.000 / 00:27.478, 50Mb)
Sushi: info  Exported 113 FHIR resources as JSON.                                                    (00:00.200 / 00:27.679, 50Mb)
Sushi: info  Assembling Implementation Guide sources...                                              (00:00.002 / 00:27.681, 50Mb)
Sushi: info  Generated ImplementationGuide-nmdp.fhir.matchsync.json                                  (00:00.031 / 00:27.712, 50Mb)
Sushi: info  Assembled Implementation Guide sources; ready for IG Publisher.                         (00:00.000 / 00:27.712, 50Mb)
Sushi: ========================= SUSHI RESULTS ===========================                           (00:00.000 / 00:27.713, 50Mb)
Sushi: |  -------------------------------------------------------------  |                           (00:00.000 / 00:27.713, 50Mb)
Sushi: | |    Profiles   |  Extensions  |   Logicals   |   Resources   | |                           (00:00.000 / 00:27.713, 50Mb)
Sushi: | |-------------------------------------------------------------| |                           (00:00.000 / 00:27.713, 50Mb)
Sushi: | |      30       |      1       |      0       |       0       | |                           (00:00.000 / 00:27.714, 50Mb)
Sushi: |  -------------------------------------------------------------  |                           (00:00.000 / 00:27.714, 50Mb)
Sushi: |  -------------------------------------------------------------  |                           (00:00.000 / 00:27.714, 50Mb)
Sushi: | |      ValueSets     |    CodeSystems    |     Instances      | |                           (00:00.000 / 00:27.714, 50Mb)
Sushi: | |-------------------------------------------------------------| |                           (00:00.000 / 00:27.715, 50Mb)
Sushi: | |         20         |        18         |         44         | |                           (00:00.000 / 00:27.715, 50Mb)
Sushi: |  -------------------------------------------------------------  |                           (00:00.000 / 00:27.715, 50Mb)
Sushi: |                                                                 |                           (00:00.000 / 00:27.715, 50Mb)
Sushi: ===================================================================                           (00:00.000 / 00:27.715, 50Mb)
Sushi: | Tank you very much!                    0 Errors      0 Warnings |                           (00:00.000 / 00:27.716, 50Mb)
Sushi: ===================================================================                           (00:00.000 / 00:27.716, 50Mb)
Root directory: /tmp/ig-builds/nmdp.fhir.matchsync#0.1.3                                             (00:00.012 / 00:27.729, 50Mb)
Unable to load IG as an r5 IG - try R4 (property code is a class com.google.gson.JsonPrimitive looking for an object) (00:01.808 / 00:29.537, 66Mb)
Load Template from fhir.base.template#current                                                        (00:00.748 / 00:30.285, 82Mb)
[39mInstalling fhir.base.template#current to the package cache
[0;39m[39m  Fetching:
[0;39m[39m
[0;39m[39mInstalling fhir.base.template#current
[0;39m[39m done.
[0;39mTerminology Cache is at /tmp/ig-builds/nmdp.fhir.matchsync#0.1.3/input-cache/txcache. Clearing now   (02:47.102 / 03:17.388, 146Mb)
Core Package hl7.fhir.r4.core#4.0.1                                                                  (00:00.005 / 03:17.393, 146Mb)
Running Terminology Log: /tmp/ohfu-fhir-ig-6000648550339409778.html
Connect to Terminology Server at http://tx.fhir.org                                                  (00:02.424 / 03:19.818, 197Mb)
[39mLoad Package hl7.fhir.pubpack#0.2.3
[0;39m[39mLoad Package hl7.fhir.xver-extensions#0.1.0
[0;39m[39mLoad Package hl7.terminology.r4#6.5.0
[0;39m[39mLoad Package hl7.fhir.uv.extensions.r4#5.2.0
[0;39m[39mLoad Package hl7.fhir.uv.bulkdata#1.0.1
[0;39m[39mLoad Package us.nlm.vsac#0.3.0
[0;39m[39mLoad Package hl7.fhir.us.core#4.0.0
[0;39m[39mLoad Package hl7.fhir.us.mcode#2.0.0
[0;39m[39mLoad Package hl7.fhir.uv.genomics-reporting#2.0.0
[0;39m[39mInstalling hl7.fhir.uv.tools.r4#0.7.1 to the package cache
[0;39m[39m  Fetching:
[0;39m[39m
[0;39m[39mInstalling hl7.fhir.uv.tools.r4#0.7.1
[0;39m[39m done.
[0;39m[39mLoad Package hl7.fhir.uv.tools.r4#0.7.1
[0;39mLoad R5 Specials
Initialization complete                                                                              (00:16.314 / 03:36.132, 697Mb)
Load IG                                                                                              (00:00.000 / 03:36.133, 697Mb)
Load Content                                                                                         (00:00.009 / 03:36.142, 697Mb)
Using en-US as the default narrative language. (no language information in Implementation Guide)     (00:00.061 / 03:36.203, 710Mb)
Process Loaded Resources                                                                             (00:00.655 / 03:36.859, 477Mb)
Generating Snapshots                                                                                 (00:00.241 / 03:37.101, 591Mb)
[1;31mThe slice definition for Observation.code.coding has a minimum of 0 but the slices add up to a minimum of 1
[0;39m[1;31mThe slice definition for Observation.code.coding has a minimum of 0 but the slices add up to a minimum of 1
[0;39mloadPrePages from FetchedFile[/tmp/ig-builds/nmdp.fhir.matchsync#0.1.3/input/includes] as /tmp/ig-builds/nmdp.fhir.matchsync#0.1.3/input/includes
loadPrePages from FetchedFile[/tmp/ig-builds/nmdp.fhir.matchsync#0.1.3/fsh-generated/includes] as /tmp/ig-builds/nmdp.fhir.matchsync#0.1.3/fsh-generated/includes
loadPrePages from FetchedFile[/tmp/ig-builds/nmdp.fhir.matchsync#0.1.3/input/pagecontent] as /tmp/ig-builds/nmdp.fhir.matchsync#0.1.3/input/pagecontent
Signing Certificate: RSA key for Subject: OU=IG Publisher, L=Ann Arbor, CN=hl7.org, O=HL7, ST=Missouri, C=us from: OU=IG Publisher, L=Ann Arbor, CN=hl7.org, O=HL7, ST=Missouri, C=us
Fetch http://fhir.nmdp.org/ig/matchsync/package-list.json for version check                          (00:01.036 / 03:38.137, 724Mb)
Processing Conformance Resources                                                                     (00:15.765 / 03:53.902, 729Mb)
Checking Language                                                                                    (00:00.000 / 03:53.902, 729Mb)
Load Dependency Info                                                                                 (00:00.001 / 03:53.903, 730Mb)
Load Info                                                                                            (00:00.002 / 03:53.905, 730Mb)
Load Paths                                                                                           (00:00.000 / 03:53.906, 731Mb)
Check R4 / R4B                                                                                       (00:00.000 / 03:53.906, 731Mb)
Assign Comparison Ids                                                                                (00:00.027 / 03:53.933, 748Mb)
Propagating status                                                                                   (00:00.000 / 03:53.934, 748Mb)
Generating Narratives                                                                                (00:00.000 / 03:53.934, 748Mb)
Validating Conformance Resources                                                                     (06:14.790 / 10:08.725, 692Mb)
Check profiles & code systems                                                                        (02:05.239 / 12:13.965, 922Mb)
Check realm rules                                                                                    (00:00.005 / 12:13.970, 923Mb)
Previous Version Comparison                                                                          (00:00.000 / 12:13.971, 923Mb)
Checking for Bundles to sign                                                                         (00:00.040 / 12:14.011, 945Mb)
Validating Resources                                                                                 (00:00.000 / 12:14.011, 945Mb)
Processing Provenance Records                                                                        (00:59.287 / 13:13.299, 1Gb)
Generating Outputs in /tmp/ig-builds/nmdp.fhir.matchsync#0.1.3/output                                (00:00.000 / 13:13.300, 1Gb)
Warning @ Unable to read the git branch: not a git repository (or any of the parent directories): .git
Warning @ Unable to read the git source: not a git repository (or any of the parent directories): .git
Generate Native Outputs                                                                              (00:00.180 / 13:13.480, 900Mb)
Run Template                                                                                         (00:09.096 / 13:22.578, 1Gb)
Generate HTML Outputs                                                                                (00:09.903 / 13:32.481, 1Gb)
Generate Spreadsheets                                                                                (02:27.708 / 16:00.189, 1Gb)
Generate Summaries                                                                                   (00:05.761 / 16:05.950, 1Gb)
Generating Summary Outputs                                                                           (00:00.000 / 16:05.951, 1Gb)
DB Cumulative Time invested: 00:00:06.899
Sending Usage Stats to Server                                                                        (00:47.275 / 16:53.226, 1Gb)
## Memory (MB): Use = 1330, Free = 649, Total = 1980, Max = 3940                                     (00:00.002 / 16:53.229, 1Gb)
Reclaiming memory...                                                                                 (00:00.000 / 16:53.229, 1Gb)
## Memory (MB): Use = 846, Free = 1133, Total = 1980, Max = 3940                                     (00:00.118 / 16:53.348, 847Mb)
Run jekyll: jekyll build --destination "/tmp/ig-builds/nmdp.fhir.matchsync#0.1.3/output" (in folder /tmp/ig-builds/nmdp.fhir.matchsync#0.1.3/temp/pages) (00:00.001 / 16:53.349, 847Mb)
Troubleshooting Note: usual cases for Jekyll to fail are:                                            (00:00.000 / 16:53.349, 847Mb)
* A failure to produce a fragment that is already logged in the output above                         (00:00.000 / 16:53.349, 847Mb)
* A reference to a manually edited file that hasn't been provided                                    (00:00.000 / 16:53.350, 847Mb)
Jekyll: Source: /tmp/ig-builds/nmdp.fhir.matchsync#0.1.3/temp/pages                                  (00:00.416 / 16:53.767, 852Mb)
Jekyll: Generating...                                                                                (00:00.000 / 16:53.767, 852Mb)
Jekyll: done in 3.383 seconds.                                                                       (00:03.381 / 16:57.149, 853Mb)
[39m
[0;39m[39mInstalling nmdp.fhir.matchsync#0.1.3
[0;39m[39m done.
[0;39mChecking Output HTML                                                                                 (00:03.967 / 17:01.116, 1Gb)
found 1806 files                                                                                     (00:00.003 / 17:01.120, 1Gb)
........................................
........................................
  ... 1806 html files, 0 pages invalid xhtml (0%)                                                    (00:27.100 / 17:28.220, 957Mb)
  ... 947201 links, 0 broken links (0%)                                                              (00:00.000 / 17:28.220, 957Mb)
Generate fragment-usage-analysis.csv                                                                 (00:00.000 / 17:28.220, 957Mb)
Build final .zip                                                                                     (00:00.003 / 17:28.224, 958Mb)
Final .zip built                                                                                     (00:03.541 / 17:31.766, 1Gb)
Built. Times: loading: 00:17.760, generate: 14:15.458, narrative generation: 06:14.790, realm-rules: 00:00.000, previous-version: 00:00.000, jekyll: 00:03.820, validation: 03:04.503 (#114), template: 00:09.911 (#3) (00:37.594 / 18:09.360, 2Gb)
Generating QA                                                                                        (00:00.000 / 18:09.360, 2Gb)
Validation output in /tmp/ig-builds/nmdp.fhir.matchsync#0.1.3/output/qa.html
Errors: 69, Warnings: 159, Info: 184, Broken Links: 0 (00:00.260 / 18:09.621, 939Mb)
Finished @ 8/27/25, 10:39 AM. Max Memory Used = 2Gb. Log file saved in /tmp/fhir-ig-publisher-tmp.log (00:00.019 / 18:09.640, 943Mb)
Prepare Build space in /tmp/ig-builds/nmdp.fhir.matchsync#0.1.3-milestone
Build IG at /mnt/c/Users/mbrisson/.vscode/matchsync-ig/build: final copy suitable for publication (in /tmp/ig-builds/nmdp.fhir.matchsync#0.1.3-milestone) (milestone build)
FHIR IG Publisher Version 2.0.13 (Git# bdf473444570). Built 2025-08-07T03:35:38.89Z (20 days old)   
Detected Java version: 17.0.15 from /usr/lib/jvm/java-17-openjdk-amd64 on Linux/amd64 (64bit). 3940MB available
dir = /mnt/c/Users/mbrisson/.vscode/matchsync-ig, path = /home/mbrisson/gems/bin:/usr/local/sbin:/usr/local/bin:/usr/sbin:/usr/bin:/sbin:/bin:/usr/games:/usr/local/games:/usr/lib/wsl/lib:/mnt/c/windows/system32:/mnt/c/windows:/mnt/c/windows/System32/Wbem:/mnt/c/windows/System32/WindowsPowerShell/v1.0/:/mnt/c/windows/System32/OpenSSH/:/mnt/c/Program Files/PolicyPak/:/mnt/c/DEVAPPS/Oracle-SQLDeveloper-18.4.0-376.1900-x64:/mnt/c/Users/mbrisson/AppData/Roaming/nvm:/mnt/c/Program Files/nodejs:/mnt/c/Program Files/nodejs/:/mnt/c/Ruby33-x64/bin:/mnt/c/Users/mbrisson/AppData/Local/Microsoft/WindowsApps:/mnt/c/Users/mbrisson/AppData/Local/Programs/Git/cmd:/mnt/c/Users/mbrisson/OneDrive - NMDP/Desktop/Maven/apache-maven-3.8.3/bin:/mnt/c/Users/mbrisson/AppData/Local/Programs/Microsoft VS Code/bin:/mnt/c/Users/mbrisson/AppData/Roaming/npm:/mnt/c/Users/mbrisson/.jdks/corretto-17.0.12/bin:/mnt/c/Users/mbrisson/AppData/Roaming/nvm:/snap/bin
Parameters: -publish http://fhir.nmdp.org/ig/matchsync/0.1.3 -no-exit -ig /tmp/ig-builds/nmdp.fhir.matchsync#0.1.3-milestone -milestone
Character encoding = UTF-8 / UTF-8                                                                  
Start Clock @ Wednesday, August 27, 2025 at 10:39:15 AM Central Daylight Time (2025-08-27T10:39:15-05:00)
                                                                                                    
Build FHIR IG from /tmp/ig-builds/nmdp.fhir.matchsync#0.1.3-milestone                                (00:00.001 / 00:00.001, 873Mb)
Build Formal Publication package, intended for http://fhir.nmdp.org/ig/matchsync/0.1.3               (00:00.000 / 00:00.001, 873Mb)
API keys loaded from /home/mbrisson/.fhir/fhir-settings.json                                         (00:00.000 / 00:00.002, 873Mb)
Package Cache: /home/mbrisson/.fhir/packages                                                         (00:00.000 / 00:00.002, 873Mb)
Run Sushi on /tmp/ig-builds/nmdp.fhir.matchsync#0.1.3-milestone                                      (00:00.000 / 00:00.002, 873Mb)
Sushi: info  Running SUSHI v3.16.3 (implements FHIR Shorthand specification v3.0.0)                  (00:00.733 / 00:00.735, 876Mb)
Sushi: info  Arguments:                                                                              (00:00.000 / 00:00.735, 876Mb)
Sushi: info    --require-latest                                                                      (00:00.000 / 00:00.736, 876Mb)
Sushi: info    --out /tmp/ig-builds/nmdp.fhir.matchsync#0.1.3-milestone                              (00:00.000 / 00:00.736, 876Mb)
Sushi: info    /tmp/ig-builds/nmdp.fhir.matchsync#0.1.3-milestone                                    (00:00.000 / 00:00.736, 876Mb)
Sushi: info  Using configuration file: /tmp/ig-builds/nmdp.fhir.matchsync#0.1.3-milestone/sushi-config.yaml (00:03.190 / 00:03.927, 876Mb)
Sushi: info  Importing FSH text...                                                                   (00:00.072 / 00:03.999, 876Mb)
Sushi: info  Preprocessed 12 documents with 19 aliases.                                              (00:00.239 / 00:04.238, 876Mb)
Sushi: info  Imported 69 definitions and 44 instances.                                               (00:00.043 / 00:04.281, 876Mb)
Sushi: info  Loaded virtual package sushi-r5forR4#1.0.0 with 7 resources                             (00:00.070 / 00:04.352, 876Mb)
Sushi: info  Resolved hl7.fhir.uv.tools.r4#latest to concrete version 0.8.0                          (00:05.977 / 00:10.329, 876Mb)
Sushi: info  Loaded hl7.fhir.uv.tools.r4#0.8.0 with 110 resources                                    (00:00.062 / 00:10.392, 876Mb)
Sushi: info  Resolved hl7.terminology.r4#latest to concrete version 6.5.0                            (00:02.964 / 00:13.356, 876Mb)
Sushi: info  Loaded hl7.terminology.r4#6.5.0 with 4392 resources                                     (00:01.537 / 00:14.893, 876Mb)
Sushi: info  Resolved hl7.fhir.uv.extensions.r4#latest to concrete version 5.2.0                     (00:01.905 / 00:16.799, 876Mb)
Sushi: info  Loaded hl7.fhir.uv.extensions.r4#5.2.0 with 759 resources                               (00:00.364 / 00:17.163, 876Mb)
Sushi: info  Loaded hl7.fhir.us.core#4.0.0 with 148 resources                                        (00:00.097 / 00:17.261, 876Mb)
Sushi: info  Loaded hl7.fhir.us.mcode#2.0.0 with 153 resources                                       (00:00.103 / 00:17.365, 876Mb)
Sushi: info  Loaded hl7.fhir.uv.genomics-reporting#2.0.0 with 50 resources                           (00:00.042 / 00:17.407, 876Mb)
Sushi: info  Loaded hl7.fhir.r4.core#4.0.1 with 4581 resources                                       (00:01.604 / 00:19.011, 876Mb)
Sushi: info  Loaded virtual package sushi-local#LOCAL with 0 resources                               (00:00.004 / 00:19.016, 876Mb)
Sushi: info  Converting FSH to FHIR resources...                                                     (00:00.008 / 00:19.024, 876Mb)
Sushi: info  Converted 31 FHIR StructureDefinitions.                                                 (00:01.458 / 00:20.482, 876Mb)
Sushi: info  Converted 18 FHIR CodeSystems.                                                          (00:00.305 / 00:20.788, 876Mb)
Sushi: info  Converted 20 FHIR ValueSets.                                                            (00:00.237 / 00:21.025, 876Mb)
Sushi: info  Converted 44 FHIR instances.                                                            (00:01.701 / 00:22.726, 876Mb)
Sushi: info  Exporting FHIR resources as JSON...                                                     (00:00.000 / 00:22.727, 876Mb)
Sushi: info  Exported 113 FHIR resources as JSON.                                                    (00:00.194 / 00:22.921, 876Mb)
Sushi: info  Assembling Implementation Guide sources...                                              (00:00.003 / 00:22.924, 876Mb)
Sushi: info  Generated ImplementationGuide-nmdp.fhir.matchsync.json                                  (00:00.028 / 00:22.952, 876Mb)
Sushi: info  Assembled Implementation Guide sources; ready for IG Publisher.                         (00:00.000 / 00:22.952, 876Mb)
Sushi: ========================= SUSHI RESULTS ===========================                           (00:00.000 / 00:22.953, 876Mb)
Sushi: |  -------------------------------------------------------------  |                           (00:00.000 / 00:22.953, 876Mb)
Sushi: | |    Profiles   |  Extensions  |   Logicals   |   Resources   | |                           (00:00.000 / 00:22.953, 876Mb)
Sushi: | |-------------------------------------------------------------| |                           (00:00.000 / 00:22.953, 876Mb)
Sushi: | |      30       |      1       |      0       |       0       | |                           (00:00.000 / 00:22.953, 876Mb)
Sushi: |  -------------------------------------------------------------  |                           (00:00.000 / 00:22.953, 876Mb)
Sushi: |  -------------------------------------------------------------  |                           (00:00.000 / 00:22.954, 876Mb)
Sushi: | |      ValueSets     |    CodeSystems    |     Instances      | |                           (00:00.000 / 00:22.954, 876Mb)
Sushi: | |-------------------------------------------------------------| |                           (00:00.000 / 00:22.954, 876Mb)
Sushi: | |         20         |        18         |         44         | |                           (00:00.000 / 00:22.954, 876Mb)
Sushi: |  -------------------------------------------------------------  |                           (00:00.000 / 00:22.954, 876Mb)
Sushi: |                                                                 |                           (00:00.000 / 00:22.954, 876Mb)
Sushi: ===================================================================                           (00:00.000 / 00:22.954, 876Mb)
Sushi: | Ex-clam-ation point!                   0 Errors      0 Warnings |                           (00:00.000 / 00:22.954, 876Mb)
Sushi: ===================================================================                           (00:00.000 / 00:22.954, 876Mb)
Root directory: /tmp/ig-builds/nmdp.fhir.matchsync#0.1.3-milestone                                   (00:00.011 / 00:22.966, 876Mb)
Unable to load IG as an r5 IG - try R4 (property code is a class com.google.gson.JsonPrimitive looking for an object) (00:00.001 / 00:22.967, 876Mb)
Load Template from fhir.base.template#current                                                        (00:00.005 / 00:22.973, 878Mb)
Terminology Cache is at /tmp/ig-builds/nmdp.fhir.matchsync#0.1.3-milestone/input-cache/txcache. 15 files in cache (02:47.486 / 03:10.459, 1Gb)
Core Package hl7.fhir.r4.core#4.0.1                                                                  (00:00.000 / 03:10.459, 1Gb)
Running Terminology Log: /tmp/ohfu-fhir-ig-8023515270331079056.html
Connect to Terminology Server at http://tx.fhir.org                                                  (00:00.809 / 03:11.269, 1Gb)
[39mLoad Package hl7.fhir.pubpack#0.2.3
[0;39m[39mLoad Package hl7.fhir.xver-extensions#0.1.0
[0;39m[39mLoad Package hl7.terminology.r4#6.5.0
[0;39m[39mLoad Package hl7.fhir.uv.extensions.r4#5.2.0
[0;39m[39mLoad Package hl7.fhir.uv.bulkdata#1.0.1
[0;39m[39mLoad Package us.nlm.vsac#0.3.0
[0;39m[39mLoad Package hl7.fhir.us.core#4.0.0
[0;39m[39mLoad Package hl7.fhir.us.mcode#2.0.0
[0;39m[39mLoad Package hl7.fhir.uv.genomics-reporting#2.0.0
[0;39m[39mLoad Package hl7.fhir.uv.tools.r4#0.7.1
[0;39mLoad R5 Specials
Initialization complete                                                                              (00:07.892 / 03:19.161, 853Mb)
Load IG                                                                                              (00:00.000 / 03:19.161, 853Mb)
Load Content                                                                                         (00:00.000 / 03:19.161, 853Mb)
Using en-US as the default narrative language. (no language information in Implementation Guide)     (00:00.005 / 03:19.167, 862Mb)
Process Loaded Resources                                                                             (00:00.434 / 03:19.602, 993Mb)
Generating Snapshots                                                                                 (00:00.165 / 03:19.767, 1Gb)
[1;31mThe slice definition for Observation.code.coding has a minimum of 0 but the slices add up to a minimum of 1
[0;39m[1;31mThe slice definition for Observation.code.coding has a minimum of 0 but the slices add up to a minimum of 1
[0;39mloadPrePages from FetchedFile[/tmp/ig-builds/nmdp.fhir.matchsync#0.1.3-milestone/input/includes] as /tmp/ig-builds/nmdp.fhir.matchsync#0.1.3-milestone/input/includes
loadPrePages from FetchedFile[/tmp/ig-builds/nmdp.fhir.matchsync#0.1.3-milestone/fsh-generated/includes] as /tmp/ig-builds/nmdp.fhir.matchsync#0.1.3-milestone/fsh-generated/includes
loadPrePages from FetchedFile[/tmp/ig-builds/nmdp.fhir.matchsync#0.1.3-milestone/input/pagecontent] as /tmp/ig-builds/nmdp.fhir.matchsync#0.1.3-milestone/input/pagecontent
Signing Certificate: RSA key for Subject: OU=IG Publisher, L=Ann Arbor, CN=hl7.org, O=HL7, ST=Missouri, C=us from: OU=IG Publisher, L=Ann Arbor, CN=hl7.org, O=HL7, ST=Missouri, C=us
Fetch http://fhir.nmdp.org/ig/matchsync/package-list.json for version check                          (00:00.698 / 03:20.465, 1Gb)
Processing Conformance Resources                                                                     (00:15.710 / 03:36.176, 1Gb)
Checking Language                                                                                    (00:00.000 / 03:36.176, 1Gb)
Load Dependency Info                                                                                 (00:00.001 / 03:36.178, 1Gb)
Load Info                                                                                            (00:00.000 / 03:36.179, 1Gb)
Load Paths                                                                                           (00:00.000 / 03:36.179, 1Gb)
Check R4 / R4B                                                                                       (00:00.000 / 03:36.180, 1Gb)
Assign Comparison Ids                                                                                (00:00.013 / 03:36.193, 1Gb)
Propagating status                                                                                   (00:00.000 / 03:36.194, 1Gb)
Generating Narratives                                                                                (00:00.000 / 03:36.194, 1Gb)
Validating Conformance Resources                                                                     (05:04.691 / 08:40.885, 1Gb)
Check profiles & code systems                                                                        (01:30.323 / 10:11.209, 1Gb)
Check realm rules                                                                                    (00:00.009 / 10:11.218, 1Gb)
Previous Version Comparison                                                                          (00:00.000 / 10:11.218, 1Gb)
Checking for Bundles to sign                                                                         (00:00.017 / 10:11.236, 1Gb)
Validating Resources                                                                                 (00:00.000 / 10:11.237, 1Gb)
Processing Provenance Records                                                                        (00:06.729 / 10:17.966, 1Gb)
Generating Outputs in /tmp/ig-builds/nmdp.fhir.matchsync#0.1.3-milestone/output                      (00:00.001 / 10:17.967, 1Gb)
Warning @ Unable to read the git branch: not a git repository (or any of the parent directories): .git
Warning @ Unable to read the git source: not a git repository (or any of the parent directories): .git
Generate Native Outputs                                                                              (00:00.144 / 10:18.112, 1Gb)
Run Template                                                                                         (00:09.502 / 10:27.614, 1Gb)
Generate HTML Outputs                                                                                (00:12.861 / 10:40.476, 1Gb)
Generate Spreadsheets                                                                                (01:05.730 / 11:46.206, 1Gb)
Generate Summaries                                                                                   (00:05.636 / 11:51.843, 1Gb)
Generating Summary Outputs                                                                           (00:00.000 / 11:51.843, 1Gb)
DB Cumulative Time invested: 00:00:07.261
Sending Usage Stats to Server                                                                        (00:14.159 / 12:06.003, 1Gb)
## Memory (MB): Use = 1478, Free = 919, Total = 2398, Max = 3940                                     (00:00.001 / 12:06.004, 1Gb)
Reclaiming memory...                                                                                 (00:00.000 / 12:06.004, 1Gb)
## Memory (MB): Use = 844, Free = 1553, Total = 2398, Max = 3940                                     (00:00.137 / 12:06.142, 845Mb)
Run jekyll: jekyll build --destination "/tmp/ig-builds/nmdp.fhir.matchsync#0.1.3-milestone/output" (in folder /tmp/ig-builds/nmdp.fhir.matchsync#0.1.3-milestone/temp/pages) (00:00.000 / 12:06.142, 845Mb)
Troubleshooting Note: usual cases for Jekyll to fail are:                                            (00:00.000 / 12:06.142, 845Mb)
* A failure to produce a fragment that is already logged in the output above                         (00:00.000 / 12:06.142, 845Mb)
* A reference to a manually edited file that hasn't been provided                                    (00:00.000 / 12:06.143, 845Mb)
Jekyll: Source: /tmp/ig-builds/nmdp.fhir.matchsync#0.1.3-milestone/temp/pages                        (00:00.335 / 12:06.478, 848Mb)
Jekyll: Generating...                                                                                (00:00.000 / 12:06.478, 848Mb)
Jekyll: done in 2.606 seconds.                                                                       (00:02.606 / 12:09.084, 849Mb)
[39m
[0;39m[39mInstalling nmdp.fhir.matchsync#0.1.3
[0;39mChecking Output HTML                                                                                 (00:02.898 / 12:11.983, 1Gb)
found 1806 files                                                                                     (00:00.003 / 12:11.986, 1Gb)
........................................
........................................
  ... 1806 html files, 0 pages invalid xhtml (0%)                                                    (00:28.916 / 12:40.902, 1Gb)
  ... 947201 links, 0 broken links (0%)                                                              (00:00.000 / 12:40.903, 1Gb)
Generate fragment-usage-analysis.csv                                                                 (00:00.000 / 12:40.903, 1Gb)
Build final .zip                                                                                     (00:00.003 / 12:40.906, 1Gb)
Final .zip built                                                                                     (00:03.444 / 12:44.351, 1004Mb)
Built. Times: loading: 00:17.014, generate: 09:45.249, narrative generation: 05:04.690, realm-rules: 00:00.000, previous-version: 00:00.000, jekyll: 00:02.965, validation: 01:37.035 (#114), template: 00:12.866 (#3) (00:37.074 / 13:21.425, 1Gb)
Generating QA                                                                                        (00:00.000 / 13:21.426, 1Gb)
Validation output in /tmp/ig-builds/nmdp.fhir.matchsync#0.1.3-milestone/output/qa.html
Errors: 69, Warnings: 159, Info: 184, Broken Links: 0 (00:00.088 / 13:21.515, 1Gb)
Finished @ 8/27/25, 10:52 AM. Max Memory Used = 1Gb. Log file saved in /tmp/fhir-ig-publisher-tmp.log (00:00.004 / 13:21.519, 1Gb)
Keep a copy of the build directory at /tmp/web-root/run-20250827/ig-build-zips/nmdp.fhir.matchsync#0.1.3.zip

ok. All checks passed. Publish v0.1.3 to /tmp/web-root/run-20250827/matchsync/0.1.3
Copy the IG to /tmp/web-root/run-20250827/matchsync/0.1.3
Update /tmp/web-root/run-20250827/matchsync/package-list.json
Publish Box Statement: This page is part of the MatchSync Implementation Guide (v0.1.3: Release Draft) based on <a data-no-external="true" href="http://hl7.org/fhir/R4">FHIR (HL7® FHIR® Standard) R4</a>. This is the current published version in its permanent home (it will always be available at this URL).  For a full list of available versions, see the <a data-no-external="true" href="http://fhir.nmdp.org/ig/matchsync/history.html">Directory of published versions</a>
  .. 732 files checked, 732 updated
  .. 231 clones checked, 462 updated
  .. 114 redirections (114 created/updated)
This is a milestone release - publish v0.1.3 to /tmp/web-root/run-20250827/matchsync
Publish Box Statement: This page is part of the MatchSync Implementation Guide (v0.1.3: Release Draft) based on <a data-no-external="true" href="http://hl7.org/fhir/R4">FHIR (HL7® FHIR® Standard) R4</a>. This is the current published version.  For a full list of available versions, see the <a data-no-external="true" href="http://fhir.nmdp.org/ig/matchsync/history.html">Directory of published versions</a>
  .. 732 files checked, 732 updated
  .. 231 clones checked, 462 updated
  .. 114 redirections (114 created/updated)
Check for Files to delete
  ... 0 files
Copy to new IG /tmp/web-root/run-20250827/matchsync
nmdp.fhir.matchsync (http://fhir.nmdp.org/ig/matchsync): MatchSync Implementation Guide @ http://nmdp-ig.github.io/matchsync-ig
  candidate: Release Draft 0.1.3/4.0.1 @ http://fhir.nmdp.org/ig/matchsync/0.1.3
Build is complete. Copy from /tmp/web-root/run-20250827
Update history page at /tmp/web-root/run-20250827/matchsync from /mnt/c/Users/mbrisson/.vscode/matchsync-ig/publication/web-root/ig-history and /mnt/c/Users/mbrisson/.vscode/matchsync-ig/publication/web-root/history-templates
